10:41:59 **** Incremental Build of configuration Debug for project padme_v3 ****
make pre-build main-build 
a9-linaro-pre-build-step
 
make: Nothing to be done for `main-build'.
10:42:08 **** Auto Build of configuration Debug for project padme_v3 ****
make pre-build main-build 
a9-linaro-pre-build-step
 
Building file: ../src/echo.c
Invoking: ARM v7 gcc compiler
arm-none-eabi-gcc -Wall -O0 -g3 -c -fmessage-length=0 -MT"src/echo.o" -mcpu=cortex-a9 -mfpu=vfpv3 -mfloat-abi=hard -I../../padme_v3_bsp/ps7_cortexa9_0/include -MMD -MP -MF"src/echo.d" -MT"src/echo.o" -o "src/echo.o" "../src/echo.c"
../src/echo.c: In function 'recv_callback':
../src/echo.c:173:6: warning: unused variable 'tx_len' [-Wunused-variable]
  u16 tx_len;
      ^~~~~~
../src/echo.c: In function 'poll_callback':
../src/echo.c:113:1: warning: control reaches end of non-void function [-Wreturn-type]
 }
 ^
../src/echo.c: In function 'recv_callback':
../src/echo.c:181:14: warning: 'rx_pload' may be used uninitialized in this function [-Wmaybe-uninitialized]
   rx_pload[0]=1;
   ~~~~~~~~~~~^~
Finished building: ../src/echo.c
 
Building target: padme_v3.elf
Invoking: ARM v7 gcc linker
arm-none-eabi-gcc -mcpu=cortex-a9 -mfpu=vfpv3 -mfloat-abi=hard -Wl,-build-id=none -specs=Xilinx.spec -Wl,-T -Wl,../src/lscript.ld -L../../padme_v3_bsp/ps7_cortexa9_0/lib -o "padme_v3.elf"  ./src/echo.o ./src/i2c_access.o ./src/iic_phyreset.o ./src/main.o ./src/padme_shared.o ./src/platform.o ./src/platform_mb.o ./src/platform_ppc.o ./src/platform_zynq.o ./src/platform_zynqmp.o ./src/sfp.o ./src/si5324.o   -Wl,--start-group,-lxil,-lgcc,-lc,--end-group -Wl,--start-group,-lxil,-llwip4,-lgcc,-lc,--end-group -Wl,--start-group,-lxilffs,-lxil,-lgcc,-lc,--end-group -Wl,--start-group,-lrsa,-lxil,-lgcc,-lc,--end-group
Finished building target: padme_v3.elf
 
Invoking: ARM v7 Print Size
arm-none-eabi-size padme_v3.elf  |tee "padme_v3.elf.size"
   text	   data	    bss	    dec	    hex	filename
 131108	   3868	2111760	2246736	 224850	padme_v3.elf
Finished building: padme_v3.elf.size
 
10:42:58 **** Auto Build of configuration Debug for project padme_v3 ****
make pre-build main-build 
a9-linaro-pre-build-step
 
make: Nothing to be done for `main-build'.
